[romainduhr.github.io/website/index.html]
[backblue.gif]
[fade.gif]
[index.html]
[romainduhr.github.io/website/styles/sub-part.css]
[romainduhr.github.io/website/styles/navbar.css]
[romainduhr.github.io/website/styles/home.css]
[romainduhr.github.io/website/styles/about.css]
[romainduhr.github.io/website/styles/skills.css]
[romainduhr.github.io/website/styles/project.css]
[romainduhr.github.io/website/styles/contact.css]
[romainduhr.github.io/website/styles/footer.css]
[romainduhr.github.io/website/img/icons/address-card-solid.png]
[romainduhr.github.io/website/Romain-DUHR.pdf]
[romainduhr.github.io/website/img/icons/cloud-arrow-down-solid.png]
[romainduhr.github.io/website/img/pictures/my-picture.png]
[romainduhr.github.io/website/img/thumbnails/thumbnail1.jpg]
[romainduhr.github.io/website/img/icons/html.png]
[romainduhr.github.io/website/img/icons/css.png]
[romainduhr.github.io/website/img/thumbnails/thumbnail2.jpg]
[romainduhr.github.io/website/img/icons/c.png]
[romainduhr.github.io/website/img/icons/makefile.png]
[romainduhr.github.io/website/img/icons/sdl.png]
[romainduhr.github.io/website/img/thumbnails/thumbnail3.png]
[romainduhr.github.io/website/img/icons/java.png]
[romainduhr.github.io/website/img/thumbnails/thumbnail4.png]
[romainduhr.github.io/website/img/icons/linux.png]
[romainduhr.github.io/website/img/thumbnails/thumbnail5.jpg]
[romainduhr.github.io/website/img/icons/python.png]
[romainduhr.github.io/website/img/icons/pygame.png]
[romainduhr.github.io/website/img/thumbnails/thumbnail6.jpg]
[romainduhr.github.io/website/img/icons/assembly.png]
[romainduhr.github.io/website/img/thumbnails/thumbnail7.jpg]
[romainduhr.github.io/website/img/icons/vhdl.png]
[romainduhr.github.io/website/img/icons/vivado.png]
[romainduhr.github.io/website/img/icons/envelope-solid.png]
[romainduhr.github.io/website/img/icons/phone-solid.png]
[romainduhr.github.io/website/img/icons/linkedin.png]
[romainduhr.github.io/website/index.html]
[romainduhr.github.io/website/styles/general.css]
[romainduhr.github.io/website/styles/sub-part.css]
[romainduhr.github.io/website/styles/navbar.css]
[romainduhr.github.io/website/img/pictures/banner.jpg]
[romainduhr.github.io/website/styles/home.css]
[romainduhr.github.io/website/styles/about.css]
[romainduhr.github.io/website/styles/skills.css]
[romainduhr.github.io/website/styles/project.css]
[romainduhr.github.io/website/styles/contact.css]
[romainduhr.github.io/website/styles/footer.css]
